<html>
<body>
<pre>
<h1>µVision Build Log</h1>
<h2>Tool Versions:</h2>
IDE-Version: ¦ÌVision V5.25.2.0
Copyright (C) 2018 ARM Ltd and ARM Germany GmbH. All rights reserved.
License Information: z User, User, LIC=FYK12-9XVZ7-300NC-7PTUK-7IGFI-TH55S
 
Tool Versions:
Toolchain:       MDK-ARM Plus  Version: 5.25.2.0
Toolchain Path:  C:\Keil_v5\ARM\ARMCC\Bin
C Compiler:      Armcc.exe V5.06 update 6 (build 750)
Assembler:       Armasm.exe V5.06 update 6 (build 750)
Linker/Locator:  ArmLink.exe V5.06 update 6 (build 750)
Library Manager: ArmAr.exe V5.06 update 6 (build 750)
Hex Converter:   FromElf.exe V5.06 update 6 (build 750)
CPU DLL:         SARMCM3.DLL V5.25.2.0
Dialog DLL:      DCM.DLL V1.17.1.0
Target DLL:      Segger\JL2CM3.dll V2.99.29.0
Dialog DLL:      TCM.DLL V1.35.1.0
 
<h2>Project:</h2>
D:\tmp\model3100\Projects\STM32F3-Discovery\Examples\TIM\TIM_TimeBase_3100\MDK-ARM\Project.uvprojx
Project File Date:  06/26/2018

<h2>Output:</h2>
*** Using Compiler 'V5.06 update 6 (build 750)', folder: 'C:\Keil_v5\ARM\ARMCC\Bin'
Rebuild target 'STM32F3-Discovery'
compiling stm32f3xx_hal_flash.c...
compiling stm32f3xx_hal_i2c.c...
compiling stm32f3xx_hal_cortex.c...
compiling stm32f3xx_hal_dma.c...
compiling stm32f3xx_hal_uart_ex.c...
compiling stm32f3xx_hal.c...
compiling stm32f3xx_hal_gpio.c...
compiling stm32f3xx_hal_i2c_ex.c...
compiling stm32f3xx_hal_pwr_ex.c...
compiling stm32f3xx_hal_uart.c...
compiling stm32f3xx_hal_pwr.c...
compiling stm32f3xx_hal_rcc.c...
compiling stm32f3xx_hal_rcc_ex.c...
compiling stm32f3xx_hal_tim_ex.c...
compiling stm32f3xx_hal_flash_ex.c...
compiling stm32f3xx_hal_tim.c...
compiling stm32f3xx_hal_spi.c...
compiling stm32f3xx_hal_spi_ex.c...
compiling system_stm32f3xx.c...
compiling main.c...
compiling stm32f3xx_hal_msp.c...
compiling stm32f3xx_it.c...
compiling Peripherals.c...
..\Src\Peripherals.c(195): warning:  #940-D: missing return statement at end of non-void function "fputc" 
  }
..\Src\Peripherals.c(177): warning:  #177-D: function "Timeout_Error_Handler"  was declared but never referenced
  static void Timeout_Error_Handler(void)
..\Src\Peripherals.c: 2 warnings, 0 errors
compiling AD7738.c...
..\Src\AD7738.c(362): warning:  #1035-D: single-precision operand implicitly converted to double-precision
                        run_parameter.h2_ppm_resistor_h16.hilo = (unsigned int)(output_data.H2Resistor*1000.0) >> 16; //171
..\Src\AD7738.c(363): warning:  #1035-D: single-precision operand implicitly converted to double-precision
                        run_parameter.h2_ppm_resistor_l16.hilo = (unsigned int)(output_data.H2Resistor*1000.0) & 0xFFFF; //172
..\Src\AD7738.c(367): warning:  #1035-D: single-precision operand implicitly converted to double-precision
                        run_parameter.h2_ppm_resistor_h16.hilo = (unsigned int)(output_data.H2Resistor*1000.0) >> 16; //171
..\Src\AD7738.c(368): warning:  #1035-D: single-precision operand implicitly converted to double-precision
                        run_parameter.h2_ppm_resistor_l16.hilo = (unsigned int)(output_data.H2Resistor*1000.0) & 0xFFFF; //172
..\Src\AD7738.c(586): warning:  #177-D: variable "number2"  was declared but never referenced
        static unsigned int number2 = 0;
..\Src\AD7738.c: 5 warnings, 0 errors
assembling startup_stm32f303xc.s...
linking...
Program Size: Code=10968 RO-data=920 RW-data=16 ZI-data=1488  
FromELF: creating hex file...
"STM32F3-Discovery\STM32F3-Discovery.axf" - 0 Error(s), 7 Warning(s).

<h2>Software Packages used:</h2>

Package Vendor: ARM
                http://www.keil.com/pack/ARM.CMSIS.5.3.0.pack
                ARM.CMSIS.5.3.0
                CMSIS (Cortex Microcontroller Software Interface Standard)
   * Component: CORE Version: 5.1.1

Package Vendor: Keil
                http://www.keil.com/pack/Keil.STM32F3xx_DFP.2.1.0.pack
                Keil.STM32F3xx_DFP.2.1.0
                STMicroelectronics STM32F3 Series Device Support and Examples

<h2>Collection of Component include folders:</h2>
  .\RTE\_STM32F3-Discovery
  C:\Keil_v5\ARM\PACK\ARM\CMSIS\5.3.0\CMSIS\Include
  C:\Keil_v5\ARM\PACK\Keil\STM32F3xx_DFP\2.1.0\Drivers\CMSIS\Device\ST\STM32F3xx\Include

<h2>Collection of Component Files used:</h2>

   * Component: ARM::CMSIS:CORE:5.1.1
Build Time Elapsed:  00:00:43
</pre>
</body>
</html>
